<?php return array (
  0 => 'Symfony\\Bundle\\FrameworkBundle\\EventListener\\SessionListener',
  1 => 'Symfony\\Component\\HttpFoundation\\Session\\Storage\\NativeSessionStorage',
  2 => 'Symfony\\Component\\HttpFoundation\\Session\\Storage\\Handler\\NativeFileSessionHandler',
  3 => 'Symfony\\Component\\HttpFoundation\\Session\\Storage\\Proxy\\AbstractProxy',
  4 => 'Symfony\\Component\\HttpFoundation\\Session\\Storage\\Proxy\\SessionHandlerProxy',
  5 => 'Symfony\\Component\\HttpFoundation\\Session\\Session',
  6 => 'Symfony\\Component\\HttpFoundation\\Session\\Storage\\MockFileSessionStorage',
  7 => 'Symfony\\Component\\Routing\\Generator\\UrlGenerator',
  8 => 'Symfony\\Component\\Routing\\RequestContext',
  9 => 'Symfony\\Component\\Routing\\Router',
  10 => 'Symfony\\Bundle\\FrameworkBundle\\Routing\\RedirectableUrlMatcher',
  11 => 'Symfony\\Bundle\\FrameworkBundle\\Routing\\Router',
  12 => 'Symfony\\Bundle\\FrameworkBundle\\Templating\\GlobalVariables',
  13 => 'Symfony\\Bundle\\FrameworkBundle\\Templating\\TemplateReference',
  14 => 'Symfony\\Bundle\\FrameworkBundle\\Templating\\TemplateNameParser',
  15 => 'Symfony\\Bundle\\FrameworkBundle\\Templating\\Loader\\TemplateLocator',
  16 => 'Symfony\\Component\\HttpFoundation\\ParameterBag',
  17 => 'Symfony\\Component\\HttpFoundation\\HeaderBag',
  18 => 'Symfony\\Component\\HttpFoundation\\FileBag',
  19 => 'Symfony\\Component\\HttpFoundation\\ServerBag',
  20 => 'Symfony\\Component\\HttpFoundation\\Request',
  21 => 'Symfony\\Component\\HttpFoundation\\Response',
  22 => 'Symfony\\Component\\HttpFoundation\\ResponseHeaderBag',
  23 => 'Symfony\\Component\\Config\\FileLocator',
  24 => 'Symfony\\Component\\EventDispatcher\\Event',
  25 => 'Symfony\\Component\\EventDispatcher\\ContainerAwareEventDispatcher',
  26 => 'Symfony\\Component\\HttpKernel\\EventListener\\ResponseListener',
  27 => 'Symfony\\Component\\HttpKernel\\EventListener\\RouterListener',
  28 => 'Symfony\\Component\\HttpKernel\\Controller\\ControllerResolver',
  29 => 'Symfony\\Component\\HttpKernel\\Event\\KernelEvent',
  30 => 'Symfony\\Component\\HttpKernel\\Event\\FilterControllerEvent',
  31 => 'Symfony\\Component\\HttpKernel\\Event\\FilterResponseEvent',
  32 => 'Symfony\\Component\\HttpKernel\\Event\\GetResponseEvent',
  33 => 'Symfony\\Component\\HttpKernel\\Event\\GetResponseForControllerResultEvent',
  34 => 'Symfony\\Component\\HttpKernel\\Event\\GetResponseForExceptionEvent',
  35 => 'Symfony\\Component\\HttpKernel\\KernelEvents',
  36 => 'Symfony\\Component\\HttpKernel\\Config\\FileLocator',
  37 => 'Symfony\\Bundle\\FrameworkBundle\\Controller\\ControllerNameParser',
  38 => 'Symfony\\Bundle\\FrameworkBundle\\Controller\\ControllerResolver',
  39 => 'Twig_Environment',
  40 => 'Twig_Extension',
  41 => 'Twig_Extension_Core',
  42 => 'Twig_Extension_Escaper',
  43 => 'Twig_Extension_Optimizer',
  44 => 'Twig_LoaderInterface',
  45 => 'Twig_Markup',
  46 => 'Twig_Template',
  47 => 'Monolog\\Formatter\\FormatterInterface',
  48 => 'Monolog\\Formatter\\LineFormatter',
  49 => 'Monolog\\Handler\\HandlerInterface',
  50 => 'Monolog\\Handler\\AbstractHandler',
  51 => 'Monolog\\Handler\\AbstractProcessingHandler',
  52 => 'Monolog\\Handler\\StreamHandler',
  53 => 'Monolog\\Handler\\FingersCrossedHandler',
  54 => 'Monolog\\Handler\\TestHandler',
  55 => 'Monolog\\Logger',
  56 => 'Symfony\\Bridge\\Monolog\\Logger',
  57 => 'Symfony\\Bridge\\Monolog\\Handler\\DebugHandler',
  58 => 'JMS\\DiExtraBundle\\HttpKernel\\ControllerResolver',
);